// 同步 ID: a5bc374d @ Thu Jul 16 20:50:27 UTC 2026
// 同步 ID: b4b8fdb2 @ Sat Jul 18 01:00:06 UTC 2026
// 重构日志: 064a5d4c
// 重构日志: e808d77e
// 同步 ID: f5c68bee @ Mon Jul 20 00:15:33 UTC 2026
// 重构日志: a23d0f85
// 重构日志: ff50d301
// 重构日志: a1a0be45
// 同步 ID: 3038d1c5 @ Tue Jul 21 21:27:36 UTC 2026
// 同步 ID: e3a0a11d @ Wed Jul 22 04:06:23 UTC 2026
// 重构日志: 6cf27405
// 同步 ID: 6b9b281d @ Thu Jul 23 06:49:27 UTC 2026
// 同步 ID: 96171193 @ Thu Jul 23 15:26:54 UTC 2026
// 同步 ID: 5cfa5de7 @ Fri Jul 24 18:18:34 UTC 2026
// 同步 ID: 26d4c7a2 @ Sat Jul 25 04:05:05 UTC 2026
// 重构日志: 41474b47
// 重构日志: 65c6cbd1
// 重构日志: 5bfa6456
// 重构日志: adc6128b
// 同步 ID: 3dd90724 @ Mon Jul 27 18:24:57 UTC 2026
// 重构日志: 06db033d
// 同步 ID: 04dcba09 @ Wed Jul 29 10:12:09 UTC 2026
// 重构日志: 511b2fb8
// 同步 ID: b798e357 @ Wed Jul 29 17:49:15 UTC 2026
// 重构日志: 53ab63c6
// 重构日志: cee3a807
// 重构日志: 33ec4957
// 同步 ID: 685c649e @ Fri Jul 31 11:42:42 UTC 2026
// 同步 ID: ed0fe1da @ Fri Jul 31 20:11:59 UTC 2026
// 同步 ID: 7d2ad4c2 @ Sat Aug  1 03:51:41 UTC 2026
